// Jest Snapshot v1, https://goo.gl/fbAQLP

exports[`<ReceiptRow /> renders 1`] = `
<div
  className="receipt-row mx-0 row no-gutters"
>
  <div
    className="receipt-row-details col"
  >
    <div
      className="row no-gutters"
    >
      <div
        className="col-md-8 col-7"
      >
        <div
          className="row no-gutters"
        >
          <div
            className="receipt-row-title col"
          >
            No result
          </div>
        </div>
        <div
          className="row no-gutters"
        >
          <div
            className="receipt-row-text col"
          >
            No logs
          </div>
        </div>
      </div>
      <div
        className="ml-auto text-right col-md-4 col-5"
      >
        <div
          className="row"
        >
          <div
            className="receipt-row-receipt-hash col"
          >
            9uZxS2c...
          </div>
        </div>
      </div>
    </div>
  </div>
</div>
`;
