// Jest Snapshot v1, https://goo.gl/fbAQLP

exports[`<ReceiptsList /> renders 1`] = `
Array [
  <div
    className="receipt-row mx-0 row no-gutters"
  >
    <div
      className="receipt-row-details col"
    >
      <div
        className="row no-gutters"
      >
        <div
          className="col-md-8 col-7"
        >
          <div
            className="row no-gutters"
          >
            <div
              className="receipt-row-title col"
            >
              No result
            </div>
          </div>
          <div
            className="row no-gutters"
          >
            <div
              className="receipt-row-text col"
            >
              No logs
            </div>
          </div>
        </div>
        <div
          className="ml-auto text-right col-md-4 col-5"
        >
          <div
            className="row"
          >
            <div
              className="receipt-row-receipt-hash col"
            >
              9uZxS2c...
            </div>
          </div>
        </div>
      </div>
    </div>
  </div>,
  <div
    className="receipt-row mx-0 row no-gutters"
  >
    <div
      className="receipt-row-details col"
    >
      <div
        className="row no-gutters"
      >
        <div
          className="col-md-8 col-7"
        >
          <div
            className="row no-gutters"
          >
            <div
              className="receipt-row-title col"
            >
              Empty result
            </div>
          </div>
          <div
            className="row no-gutters"
          >
            <div
              className="receipt-row-text col"
            >
              <pre
                className="jsx-1640205511"
              >
                LOG: Counter is now: 1
              </pre>
            </div>
          </div>
        </div>
        <div
          className="ml-auto text-right col-md-4 col-5"
        >
          <div
            className="row"
          >
            <div
              className="receipt-row-receipt-hash col"
            >
              A8HaLh5...
            </div>
          </div>
        </div>
      </div>
    </div>
  </div>,
  <div
    className="receipt-row mx-0 row no-gutters"
  >
    <div
      className="receipt-row-details col"
    >
      <div
        className="row no-gutters"
      >
        <div
          className="col-md-8 col-7"
        >
          <div
            className="row no-gutters"
          >
            <div
              className="receipt-row-title col"
            >
              Empty result
            </div>
          </div>
          <div
            className="row no-gutters"
          >
            <div
              className="receipt-row-text col"
            >
              No logs
            </div>
          </div>
        </div>
        <div
          className="ml-auto text-right col-md-4 col-5"
        >
          <div
            className="row"
          >
            <div
              className="receipt-row-receipt-hash col"
            >
              A5oSQ6z...
            </div>
          </div>
        </div>
      </div>
    </div>
  </div>,
]
`;
