// Jest Snapshot v1, https://goo.gl/fbAQLP

exports[`<TransactionsList /> renders 1`] = `null`;
