// Jest Snapshot v1, https://goo.gl/fbAQLP

exports[`<CardCell /> renders 1`] = `
Array [
  "Nodes Online",
  <div
    className="jsx-1104606862 term-helper"
  >
    <img
      className="jsx-1104606862 info"
      onClick={[Function]}
      src="/static/images/icon-info.svg"
    />
  </div>,
]
`;
