// Jest Snapshot v1, https://goo.gl/fbAQLP

exports[`<AccountDetails /> renders 1`] = `
<div
  className="jsx-1455372711 account-info-container"
>
  <div
    className="row no-gutters"
  >
    <div
      className="col-md-3"
    >
      <div
        className="card-cell border-0 card"
      >
        <div
          className="card-body"
        >
          <div
            className="row no-gutters"
          >
            <div
              className="card-cell-title align-self-center col-md-12 col-auto"
            >
              Ⓝ Balance
              <div
                className="jsx-1104606862 term-helper"
              >
                <img
                  className="jsx-1104606862 info"
                  onClick={[Function]}
                  src="/static/images/icon-info.svg"
                />
              </div>
            </div>
            <div
              className="ml-auto card-cell-text align-self-center col-md-12 col-auto"
            >
              <span
                onBlur={[Function]}
                onFocus={[Function]}
                onMouseOut={[Function]}
                onMouseOver={[Function]}
              >
                &lt;0.00001
                 Ⓝ
              </span>
            </div>
          </div>
        </div>
      </div>
    </div>
    <div
      className="col-md-3"
    >
      <div
        className="card-cell  card"
      >
        <div
          className="card-body"
        >
          <div
            className="row no-gutters"
          >
            <div
              className="card-cell-title align-self-center col-md-12 col-auto"
            >
              Ⓝ Locked
              <div
                className="jsx-1104606862 term-helper"
              >
                <img
                  className="jsx-1104606862 info"
                  onClick={[Function]}
                  src="/static/images/icon-info.svg"
                />
              </div>
            </div>
            <div
              className="ml-auto card-cell-text align-self-center col-md-12 col-auto"
            >
              <span
                onBlur={[Function]}
                onFocus={[Function]}
                onMouseOut={[Function]}
                onMouseOver={[Function]}
              >
                &lt;0.00001
                 Ⓝ
              </span>
            </div>
          </div>
        </div>
      </div>
    </div>
    <div
      className="col-md-3"
    >
      <div
        className="card-cell  card"
      >
        <div
          className="card-body"
        >
          <div
            className="row no-gutters"
          >
            <div
              className="card-cell-title align-self-center col-md-12 col-auto"
            >
              <img
                className="jsx-2893410015 card-cell-title-img"
                src="/static/images/icon-m-transaction.svg"
              />
              Transactions
              <div
                className="jsx-1104606862 term-helper"
              >
                <img
                  className="jsx-1104606862 info"
                  onClick={[Function]}
                  src="/static/images/icon-info.svg"
                />
              </div>
            </div>
            <div
              className="ml-auto card-cell-text align-self-center col-md-12 col-auto"
            >
              <span
                className="jsx-1455372711"
              >
                ↑
                0
              </span>
                
              <span
                className="jsx-1455372711"
              >
                ↓
                0
              </span>
            </div>
          </div>
        </div>
      </div>
    </div>
    <div
      className="col-md-3"
    >
      <div
        className="card-cell  card"
      >
        <div
          className="card-body"
        >
          <div
            className="row no-gutters"
          >
            <div
              className="card-cell-title align-self-center col-md-12 col-auto"
            >
              <img
                className="jsx-2893410015 card-cell-title-img"
                src="/static/images/icon-storage.svg"
              />
              Storage Used
              <div
                className="jsx-1104606862 term-helper"
              >
                <img
                  className="jsx-1104606862 info"
                  onClick={[Function]}
                  src="/static/images/icon-info.svg"
                />
              </div>
            </div>
            <div
              className="ml-auto card-cell-text align-self-center col-md-12 col-auto"
            >
              0 B
            </div>
          </div>
        </div>
      </div>
    </div>
  </div>
  <div
    className="border-0 row no-gutters"
  >
    <div
      className="col-md-4"
    >
      <div
        className="card-cell block-card-created account-card-back border-0 card"
      >
        <div
          className="card-body"
        >
          <div
            className="row no-gutters"
          >
            <div
              className="card-cell-title align-self-center col-md-12 col-auto"
            >
              Created
              <div
                className="jsx-1104606862 term-helper"
              >
                <img
                  className="jsx-1104606862 info"
                  onClick={[Function]}
                  src="/static/images/icon-info.svg"
                />
              </div>
            </div>
            <div
              className="ml-auto card-cell-text align-self-center col-md-12 col-auto"
            >
              February 01, 2019 at 12:00:00am
            </div>
          </div>
        </div>
      </div>
    </div>
    <div
      className="col-md-8"
    >
      <div
        className="card-cell block-card-created-text account-card-back border-0 card"
      >
        <div
          className="card-body"
        >
          <div
            className="row no-gutters"
          >
            <div
              className="card-cell-title align-self-center col-md-12 col-auto"
            >
              Creation Hash
              <div
                className="jsx-1104606862 term-helper"
              >
                <img
                  className="jsx-1104606862 info"
                  onClick={[Function]}
                  src="/static/images/icon-info.svg"
                />
              </div>
            </div>
            <div
              className="ml-auto card-cell-text align-self-center col-md-12 col-auto"
            >
              <a
                className="transaction-link"
                href="/transactions/EVvWW1S9BFaEjY1JBNSdstb7ZTtTFjQ6cygkbw1KY4tL"
                onClick={[Function]}
                onMouseEnter={[Function]}
              >
                EVvWW1S9BFaEjY1JBNSdstb7ZTtTFjQ6cygkbw1KY4tL
              </a>
            </div>
          </div>
        </div>
      </div>
    </div>
  </div>
</div>
`;
