// Jest Snapshot v1, https://goo.gl/fbAQLP

exports[`<NodeRow /> renders 1`] = `
<div
  className="node-row mx-0 row"
>
  <div
    className="pr-0 col-md-auto col-1"
  >
    <img
      className="jsx-990356129"
      src="/static/images/icon-m-node-online.svg"
      style={
        Object {
          "width": "15px",
        }
      }
    />
  </div>
  <div
    className="col-md-7 col-7"
  >
    <div
      className="row"
    >
      <div
        className="node-row-title col"
      >
        @
        alice
         
        <span
          className="jsx-990356129 node-status"
        >
           
          
        </span>
      </div>
    </div>
    <div
      className="row"
    >
      <div
        className="node-row-text col"
      >
        <div
          className="row"
        >
          <div
            className="col-md-5"
          >
            <img
              className="jsx-990356129"
              src="/static/images/icon-m-size.svg"
              style={
                Object {
                  "width": "12px",
                }
              }
            />
            near-rs | ver.0.4.5 build  6a527109-modified
          </div>
          <div
            className="col"
          >
            <img
              className="jsx-990356129"
              src="/static/images/icon-m-block.svg"
              style={
                Object {
                  "width": "12px",
                }
              }
            />
             1889
          </div>
        </div>
      </div>
    </div>
  </div>
  <div
    className="ml-auto text-right col-md-3 col-3"
  >
    <div
      className="row"
    >
      <div
        className="node-row-txid col"
        title="ed25519:fhgjrkfhurjtieokwpitjesdlkfjngdmloytiutkjhgkf"
      >
        fhgjrkfhurjt
        ...
      </div>
    </div>
    <div
      className="row"
    >
      <div
        className="node-row-timer col"
      >
        <span
          className="jsx-990356129 node-row-timer-status"
        >
          Last seen
        </span>
          
        <span>
          in 1y
        </span>
      </div>
    </div>
  </div>
</div>
`;
