// Jest Snapshot v1, https://goo.gl/fbAQLP

exports[`<ProposalRow /> renders 1`] = `
<div
  className="node-row mx-0 row"
>
  <div
    className="pr-0 col-md-auto col-1"
  >
    <p
      className="jsx-2919956104"
      onBlur={[Function]}
      onFocus={[Function]}
      onMouseOut={[Function]}
      onMouseOver={[Function]}
    >
      <img
        className="jsx-2919956104"
        src="/static/images/icon-m-node-proposal.svg"
        style={
          Object {
            "verticalAlign": "text-top",
            "width": "15px",
          }
        }
      />
    </p>
  </div>
  <div
    className="col-md-7 col-7"
  >
    <div
      className="row"
    >
      <div
        className="node-row-title col"
      >
        <p
          className="jsx-2919956104"
        >
          @
          dokiacapital.pool.6fb1358
            
          <span
            className="jsx-2919956104"
          >
            Staking 
            <span
              onBlur={[Function]}
              onFocus={[Function]}
              onMouseOut={[Function]}
              onMouseOver={[Function]}
            >
              91,037.77039
               â“ƒ
            </span>
          </span>
        </p>
      </div>
    </div>
  </div>
  <div
    className="ml-auto text-right col-md-3 col-3"
  >
    <div
      className="row"
    >
      <p
        className="jsx-2919956104"
      >
        <div
          className="node-row-txid col"
          title="ed25519:935JMz1vLcJxFApG3TY4MA4RHhvResvoGwCrQoJxHPn9"
        >
          935JMz1vLcJx
          ...
        </div>
      </p>
    </div>
  </div>
</div>
`;
