// Jest Snapshot v1, https://goo.gl/fbAQLP

exports[`<ValidatorsList /> renders validators list 1`] = `
Array [
  <tr
    className="jsx-4079813474 table-row validator-nodes-row mx-0 "
  >
    <td
      className="collapse-row-arrow"
      onClick={[Function]}
    >
      <img
        src="/static/images/icon-maximize.svg"
        style={
          Object {
            "width": "16px",
          }
        }
      />
    </td>
    <td
      className="order"
    >
      25
    </td>
    <td
      className="country-flag"
    >
      <img
        onBlur={[Function]}
        onFocus={[Function]}
        onMouseOut={[Function]}
        onMouseOver={[Function]}
        src="https://cdnjs.cloudflare.com/ajax/libs/flag-icon-css/3.4.3/flags/4x3/us.svg"
        style={
          Object {
            "display": "inline-block",
            "height": "1em",
            "lineHeight": "14px",
            "verticalAlign": "middle",
            "width": "22px",
          }
        }
      />
    </td>
    <td>
      <div
        className="align-items-center row no-gutters"
      >
        <div
          className="validators-node-label col-2"
        >
          <span
            className="validating-label joining badge"
            onBlur={[Function]}
            onFocus={[Function]}
            onMouseOut={[Function]}
            onMouseOver={[Function]}
          >
            Joining
          </span>
        </div>
        <div
          className="validator-name col"
        >
          <div
            className="row no-gutters"
          >
            <div
              className="validator-nodes-text col"
              title="@astro-stakers.poolv1.near"
            >
              astro-stakers.poolv1.near
            </div>
          </div>
          <div
            className="row no-gutters"
          >
            <div
              className="validator-nodes-text validator-node-pub-key col"
              title="ed25519:2nPSBCzjqikgwrqUMcuEVReJhmkC91eqJGPGqH9sZc28"
            >
              ed25519:2nPSBCzjqikgwrqUMcuEVReJhmkC91eqJGPGqH9sZc28
            </div>
          </div>
        </div>
      </div>
    </td>
    <td>
      1%
    </td>
    <td>
      <div
        className="spinner-border spinner-border-sm"
      />
    </td>
    <td
      className="text-right validator-nodes-text stake-text"
    >
      <span
        onBlur={[Function]}
        onFocus={[Function]}
        onMouseOut={[Function]}
        onMouseOver={[Function]}
      >
        19,407,280
         
        NEAR
      </span>
      <br />
      <small>
        -
        <span
          onBlur={[Function]}
          onFocus={[Function]}
          onMouseOut={[Function]}
          onMouseOver={[Function]}
        >
          15,708,597
           
          NEAR
        </span>
      </small>
    </td>
    <td>
      <div
        className="jsx-1785419880 cumulative-stake-chart"
      >
        <div
          className="jsx-1785419880 total-value"
          style={
            Object {
              "width": "-250.93%",
            }
          }
        />
        <div
          className="jsx-1785419880 current-value"
          style={
            Object {
              "width": "0%",
            }
          }
        />
        <div
          className="jsx-1785419880 cumulative-stake-label"
        >
          N/A
        </div>
      </div>
    </td>
  </tr>,
  <tr
    className="jsx-4079813474 table-row validator-nodes-row mx-0 "
  >
    <td
      className="collapse-row-arrow"
      onClick={[Function]}
    >
      <img
        src="/static/images/icon-maximize.svg"
        style={
          Object {
            "width": "16px",
          }
        }
      />
    </td>
    <td
      className="order"
    >
      26
    </td>
    <td
      className="country-flag"
    >
      <div
        style={
          Object {
            "backgroundColor": "#f0f0f1",
            "color": "#72727a",
            "fontSize": "8px",
            "lineHeight": "16px",
            "textAlign": "center",
            "width": "22px",
          }
        }
      >
        ?
      </div>
    </td>
    <td>
      <div
        className="align-items-center row no-gutters"
      >
        <div
          className="validators-node-label col-2"
        >
          <span
            className="validating-label leaving badge"
            onBlur={[Function]}
            onFocus={[Function]}
            onMouseOut={[Function]}
            onMouseOver={[Function]}
          >
            Kickout
          </span>
        </div>
        <div
          className="validator-name col"
        >
          <div
            className="row no-gutters"
          >
            <div
              className="validator-nodes-text col"
              title="@baziliknear.poolv1.near"
            >
              baziliknear.poolv1.near
            </div>
          </div>
          <div
            className="row no-gutters"
          >
            <div
              className="validator-nodes-text validator-node-pub-key col"
              title="ed25519:E4LAWdgLifBEoaWvhRNy5vpdAnUc3GsUHePeiAurZY5v"
            >
              ed25519:E4LAWdgLifBEoaWvhRNy5vpdAnUc3GsUHePeiAurZY5v
            </div>
          </div>
        </div>
      </div>
    </td>
    <td>
      3%
    </td>
    <td>
      <div
        className="spinner-border spinner-border-sm"
      />
    </td>
    <td
      className="text-right validator-nodes-text stake-text"
    >
      <span
        onBlur={[Function]}
        onFocus={[Function]}
        onMouseOut={[Function]}
        onMouseOver={[Function]}
      >
        4,035,443
         
        NEAR
      </span>
      <br />
      <small>
        +
        <span
          onBlur={[Function]}
          onFocus={[Function]}
          onMouseOut={[Function]}
          onMouseOver={[Function]}
        >
          756,812
           
          NEAR
        </span>
      </small>
    </td>
    <td>
      <div
        className="jsx-1785419880 cumulative-stake-chart"
      >
        <div
          className="jsx-1785419880 total-value"
          style={
            Object {
              "width": "0%",
            }
          }
        />
        <div
          className="jsx-1785419880 current-value"
          style={
            Object {
              "width": "52.17%",
            }
          }
        />
        <div
          className="jsx-1785419880 cumulative-stake-label"
        >
          52.17%
        </div>
      </div>
    </td>
  </tr>,
  <tr
    className="jsx-3940587247 cumulative-stake-holders-row"
  >
    <td
      className="jsx-3940587247 warning-text text-center"
      colSpan={8}
    >
      Validators 1 - 26 hold a cumulative stake above 33%. Delegating to the validators below improves the decentralization of the network.
    </td>
  </tr>,
  <tr
    className="jsx-4079813474 table-row validator-nodes-row mx-0 "
  >
    <td
      className="collapse-row-arrow"
      onClick={[Function]}
    >
      <img
        src="/static/images/icon-maximize.svg"
        style={
          Object {
            "width": "16px",
          }
        }
      />
    </td>
    <td
      className="order"
    >
      27
    </td>
    <td
      className="country-flag"
    >
      <img
        onBlur={[Function]}
        onFocus={[Function]}
        onMouseOut={[Function]}
        onMouseOver={[Function]}
        src="https://cdnjs.cloudflare.com/ajax/libs/flag-icon-css/3.4.3/flags/4x3/us.svg"
        style={
          Object {
            "display": "inline-block",
            "height": "1em",
            "lineHeight": "14px",
            "verticalAlign": "middle",
            "width": "22px",
          }
        }
      />
    </td>
    <td>
      <div
        className="align-items-center row no-gutters"
      >
        <div
          className="validators-node-label col-2"
        >
          <span
            className="validating-label active badge"
            onBlur={[Function]}
            onFocus={[Function]}
            onMouseOut={[Function]}
            onMouseOver={[Function]}
          >
            Active
          </span>
        </div>
        <div
          className="validator-name col"
        >
          <div
            className="row no-gutters"
          >
            <div
              className="validator-nodes-text col"
              title="@audit_one.poolv1.near"
            >
              audit_one.poolv1.near
            </div>
          </div>
          <div
            className="row no-gutters"
          >
            <div
              className="validator-nodes-text validator-node-pub-key col"
              title="ed25519:9x2LqdGVL8MKbAziezMhQjPCKKeFAaExeyJpVvBvGuAC"
            >
              ed25519:9x2LqdGVL8MKbAziezMhQjPCKKeFAaExeyJpVvBvGuAC
            </div>
          </div>
        </div>
      </div>
    </td>
    <td>
      7%
    </td>
    <td>
      <div
        className="spinner-border spinner-border-sm"
      />
    </td>
    <td
      className="text-right validator-nodes-text stake-text"
    >
      <span
        onBlur={[Function]}
        onFocus={[Function]}
        onMouseOut={[Function]}
        onMouseOver={[Function]}
      >
        3,698,683
         
        NEAR
      </span>
      <br />
      <small>
        +
        <span
          onBlur={[Function]}
          onFocus={[Function]}
          onMouseOut={[Function]}
          onMouseOver={[Function]}
        >
          1,093,573
           
          NEAR
        </span>
      </small>
    </td>
    <td>
      <div
        className="jsx-1785419880 cumulative-stake-chart"
      >
        <div
          className="jsx-1785419880 total-value"
          style={
            Object {
              "width": "52.18%",
            }
          }
        />
        <div
          className="jsx-1785419880 current-value"
          style={
            Object {
              "width": "47.82%",
            }
          }
        />
        <div
          className="jsx-1785419880 cumulative-stake-label"
        >
          100%
        </div>
      </div>
    </td>
  </tr>,
  <tr
    className="jsx-4079813474 table-row validator-nodes-row mx-0 "
  >
    <td
      className="collapse-row-arrow"
      onClick={[Function]}
    >
      <img
        src="/static/images/icon-maximize.svg"
        style={
          Object {
            "width": "16px",
          }
        }
      />
    </td>
    <td
      className="order"
    >
      28
    </td>
    <td
      className="country-flag"
    >
      <img
        onBlur={[Function]}
        onFocus={[Function]}
        onMouseOut={[Function]}
        onMouseOver={[Function]}
        src="https://cdnjs.cloudflare.com/ajax/libs/flag-icon-css/3.4.3/flags/4x3/ru.svg"
        style={
          Object {
            "display": "inline-block",
            "height": "1em",
            "lineHeight": "14px",
            "verticalAlign": "middle",
            "width": "22px",
          }
        }
      />
    </td>
    <td>
      <div
        className="align-items-center row no-gutters"
      >
        <div
          className="validators-node-label col-2"
        >
          <span
            className="validating-label proposal badge"
            onBlur={[Function]}
            onFocus={[Function]}
            onMouseOut={[Function]}
            onMouseOver={[Function]}
          >
            Proposal
          </span>
        </div>
        <div
          className="validator-name col"
        >
          <div
            className="row no-gutters"
          >
            <div
              className="validator-nodes-text col"
              title="@genesislab.poolv1.near"
            >
              genesislab.poolv1.near
            </div>
          </div>
        </div>
      </div>
    </td>
    <td>
      4%
    </td>
    <td>
      <div
        className="spinner-border spinner-border-sm"
      />
    </td>
    <td
      className="text-right validator-nodes-text stake-text"
    >
      <span
        onBlur={[Function]}
        onFocus={[Function]}
        onMouseOut={[Function]}
        onMouseOver={[Function]}
      >
        4,035,443
         
        NEAR
      </span>
      <br />
      <small>
        +
        <span
          onBlur={[Function]}
          onFocus={[Function]}
          onMouseOut={[Function]}
          onMouseOver={[Function]}
        >
          756,812
           
          NEAR
        </span>
      </small>
    </td>
    <td>
      <div
        className="jsx-1785419880 cumulative-stake-chart"
      >
        <div
          className="jsx-1785419880 total-value"
          style={
            Object {
              "width": "-52.17%",
            }
          }
        />
        <div
          className="jsx-1785419880 current-value"
          style={
            Object {
              "width": "0%",
            }
          }
        />
        <div
          className="jsx-1785419880 cumulative-stake-label"
        >
          N/A
        </div>
      </div>
    </td>
  </tr>,
  <tr
    className="jsx-4079813474 table-row validator-nodes-row mx-0 "
  >
    <td
      className="collapse-row-arrow"
      onClick={[Function]}
    >
      <img
        src="/static/images/icon-maximize.svg"
        style={
          Object {
            "width": "16px",
          }
        }
      />
    </td>
    <td
      className="order"
    >
      29
    </td>
    <td
      className="country-flag"
    >
      <div
        style={
          Object {
            "backgroundColor": "#f0f0f1",
            "color": "#72727a",
            "fontSize": "8px",
            "lineHeight": "16px",
            "textAlign": "center",
            "width": "22px",
          }
        }
      >
        ?
      </div>
    </td>
    <td>
      <div
        className="align-items-center row no-gutters"
      >
        <div
          className="validators-node-label col-2"
        >
          <span
            className="validating-label on-hold badge"
            onBlur={[Function]}
            onFocus={[Function]}
            onMouseOut={[Function]}
            onMouseOver={[Function]}
          >
            On hold
          </span>
        </div>
        <div
          className="validator-name col"
        >
          <div
            className="row no-gutters"
          >
            <div
              className="validator-nodes-text col"
              title="@certusone.poolv1.near"
            >
              certusone.poolv1.near
            </div>
          </div>
          <div
            className="row no-gutters"
          >
            <div
              className="validator-nodes-text validator-node-pub-key col"
              title="ed25519:4kwUVNSZ61BT3xbc1fL718UP2RqgvMa5aAYBaoav1wvk"
            >
              ed25519:4kwUVNSZ61BT3xbc1fL718UP2RqgvMa5aAYBaoav1wvk
            </div>
          </div>
        </div>
      </div>
    </td>
    <td>
      10%
    </td>
    <td>
      70
    </td>
    <td
      className="text-right validator-nodes-text stake-text"
    >
      <span
        onBlur={[Function]}
        onFocus={[Function]}
        onMouseOut={[Function]}
        onMouseOver={[Function]}
      >
        3,714,537
         
        NEAR
      </span>
      <br />
      <small>
        -
        <span
          onBlur={[Function]}
          onFocus={[Function]}
          onMouseOut={[Function]}
          onMouseOver={[Function]}
        >
          4,408
           
          NEAR
        </span>
      </small>
    </td>
    <td>
      <div
        className="jsx-1785419880 cumulative-stake-chart"
      >
        <div
          className="jsx-1785419880 total-value"
          style={
            Object {
              "width": "-48.02%",
            }
          }
        />
        <div
          className="jsx-1785419880 current-value"
          style={
            Object {
              "width": "0%",
            }
          }
        />
        <div
          className="jsx-1785419880 cumulative-stake-label"
        >
          N/A
        </div>
      </div>
    </td>
  </tr>,
]
`;
